[Bootstrap]
SetupTitle=Install
SetupText=Copying Files, please stand by.
CabFile=Cleosim.CAB
Spawn=Setup1.exe
Uninstal=st6unst.exe
TmpDir=msftqws.pdw
Cabs=1

[Bootstrap Files]
File1=@VB6STKIT.DLL,$(WinSysPathSysFile),,,7/15/00 12:00:00 AM,101888,6.0.84.50
File2=@COMCAT.DLL,$(WinSysPathSysFile),$(DLLSelfRegister),,5/31/98 12:00:00 AM,22288,4.71.1460.1
File3=@stdole2.tlb,$(WinSysPathSysFile),$(TLBRegister),,8/23/01 9:00:00 AM,17920,3.50.5014.0
File4=@asycfilt.dll,$(WinSysPathSysFile),,,6/10/04 6:15:34 PM,65024,5.1.2600.2149
File5=@olepro32.dll,$(WinSysPathSysFile),$(DLLSelfRegister),,6/10/04 6:15:36 PM,83456,5.1.2600.2149
File6=@oleaut32.dll,$(WinSysPathSysFile),$(DLLSelfRegister),,6/10/04 6:15:36 PM,555520,5.1.2600.2149
File7=@msvbvm60.dll,$(WinSysPathSysFile),$(DLLSelfRegister),,6/10/04 6:15:36 PM,1392671,6.0.96.90

[IconGroups]
Group0=Cleo Simulator 2.53
PrivateGroup0=True
Parent0=$(Programs)

[Cleo Simulator 2.53]
Icon1="Cleosim.exe"
Title1=Cleo Simulator 2.53
StartIn1=$(AppPath)

[Setup]
Title=Cleo Simulator 2.53
DefaultDir=$(ProgramFiles)\Cleo Simulator
AppExe=Cleosim.exe
AppToUninstall=Cleosim.exe

[Setup1 Files]
File1=@xor.sym,$(AppPath)\examples,,,12/20/99 10:53:50 AM,813,0.0.0.0
File2=@xor.hex,$(AppPath)\examples,,,11/17/99 9:56:16 AM,733,0.0.0.0
File3=@XOR.CLE,$(AppPath)\examples,,,12/20/99 10:53:50 AM,21,0.0.0.0
File4=@xor.asm,$(AppPath)\examples,,,12/20/99 10:54:00 AM,137,0.0.0.0
File5=@soma16.sym,$(AppPath)\examples,,,9/16/99 4:05:44 PM,923,0.0.0.0
File6=@soma16.hex,$(AppPath)\examples,,,9/16/99 4:05:44 PM,733,0.0.0.0
File7=@SOMA16.CLE,$(AppPath)\examples,,,9/16/99 4:05:44 PM,39,0.0.0.0
File8=@soma16.asm,$(AppPath)\examples,,,9/16/99 4:05:40 PM,492,0.0.0.0
File9=@mul8x8.sym,$(AppPath)\examples,,,9/22/99 1:27:38 PM,1018,0.0.0.0
File10=@mul8x8.hex,$(AppPath)\examples,,,9/22/99 1:27:38 PM,733,0.0.0.0
File11=@MUL8X8.CLE,$(AppPath)\examples,,,9/22/99 1:27:38 PM,138,0.0.0.0
File12=@mul8x8.asm,$(AppPath)\examples,,,9/22/99 1:27:36 PM,612,0.0.0.0
File13=@counter.sym,$(AppPath)\examples,,,7/20/99 1:58:46 AM,853,0.0.0.0
File14=@counter.hex,$(AppPath)\examples,,,7/20/99 1:58:46 AM,733,0.0.0.0
File15=@counter.cle,$(AppPath)\examples,,,7/20/99 1:58:46 AM,24,0.0.0.0
File16=@counter.asm,$(AppPath)\examples,,,7/20/99 1:58:46 AM,201,0.0.0.0
File17=@bubble.sym,$(AppPath)\examples,,,8/3/04 8:28:49 PM,1015,0.0.0.0
File18=@bubble.hex,$(AppPath)\examples,,,8/2/04 8:56:02 PM,733,0.0.0.0
File19=@bubble.cle,$(AppPath)\examples,,,8/3/04 8:28:49 PM,142,0.0.0.0
File20=@bubble.asm,$(AppPath)\examples,,,8/3/04 8:28:49 PM,952,0.0.0.0
File21=@cleoasm.exe,$(AppPath),,,10/11/99 12:33:22 PM,65536,0.0.0.0
File22=@msflxgrd.ocx,$(WinSysPath),$(DLLSelfRegister),$(Shared),9/7/99 2:58:44 PM,244232,6.0.84.18
File23=@RICHED32.DLL,$(WinSysPathSysFile),,,5/7/98 12:00:00 AM,174352,4.0.993.4
File24=@richtx32.ocx,$(WinSysPath),$(DLLSelfRegister),$(Shared),12/3/00 4:02:02 PM,260096,6.0.88.77
File25=@comctl32.ocx,$(WinSysPath),$(DLLSelfRegister),$(Shared),5/22/00 2:00:00 AM,608448,6.0.81.5
File26=@COMDLG32.OCX,$(WinSysPath),$(DLLSelfRegister),$(Shared),3/13/01 3:49:28 PM,140288,6.0.84.18
File27=@Cleosim.exe,$(AppPath),,,8/2/04 8:50:15 PM,221184,2.5.0.3

; The following lines may be deleted in order to obtain extra 
; space for customizing this file on a full installation diskette.
; 
; XXXXXXXXXXXXXXXXXXXXXXXXXXXXXXXXXXXXXXXXXXXXXXXXXXXXXXXXXXXX
; XXXXXXXXXXXXXXXXXXXXXXXXXXXXXXXXXXXXXXXXXXXXXXXXXXXXXXXXXXXX
; XXXXXXXXXXXXXXXXXXXXXXXXXXXXXXXXXXXXXXXXXXXXXXXXXXXXXXXXXXXX
; XXXXXXXXXXXXXXXXXXXXXXXXXXXXXXXXXXXXXXXXXXXXXXXXXXXXXXXXXXXX
; XXXXXXXXXXXXXXXXXXXXXXXXXXXXXXXXXXXXXXXXXXXXXXXXXXXXXXXXXXXX
; XXXXXXXXXXXXXXXXXXXXXXXXXXXXXXXXXXXXXXXXXXXXXXXXXXXXXXXXXXXX
; XXXXXXXXXXXXXXXXXXXXXXXXXXXXXXXXXXXXXXXXXXXXXXXXXXXXXXXXXXXX
; XXXXXXXXXXXXXXXXXXXXXXXXXXXXXXXXXXXXXXXXXXXXXXXXXXXXXXXXXXXX
; XXXXXXXXXXXXXXXXXXXXXXXXXXXXXXXXXXXXXXXXXXXXXXXXXXXXXXXXXXXX
; XXXXXXXXXXXXXXXXXXXXXXXXXXXXXXXXXXXXXXXXXXXXXXXXXXXXXXXXXXXX
; XXXXXXXXXXXXXXXXXXXXXXXXXXXXXXXXXXXXXXXXXXXXXXXXXXXXXXXXXXXX
; XXXXXXXXXXXXXXXXXXXXXXXXXXXXXXXXXXXXXXXXXXXXXXXXXXXXXXXXXXXX
; XXXXXXXXXXXXXXXXXXXXXXXXXXXXXXXXXXXXXXXXXXXXXXXXXXXXXXXXXXXX
; XXXXXXXXXXXXXXXXXXXXXXXXXXXXXXXXXXXXXXXXXXXXXXXXXXXXXXXXXXXX
; XXXXXXXXXXXXXXXXXXXXXXXXXXXXXXXXXXXXXXXXXXXXXXXXXXXXXXXXXXXX
; XXXXXXXXXXXXXXXXXXXXXXXXXXXXXXXXXXXXXXXXXXXXXXXXXXXXXXXXXXXX
; XXXXXXXXXXXXXXXXXXXXXXXXXXXXXXXXXXXXXXXXXXXXXXXXXXXXXXXXXXXX
; XXXXXXXXXXXXXXXXXXXXXXXXXXXXXXXXXXXXXXXXXXXXXXXXXXXXXXXXXXXX
; XXXXXXXXXXXXXXXXXXXXXXXXXXXXXXXXXXXXXXXXXXXXXXXXXXXXXXXXXXXX
; XXXXXXXXXXXXXXXXXXXXXXXXXXXXXXXXXXXXXXXXXXXXXXXXXXXXXXXXXXXX
; XXXXXXXXXXXXXXXXXXXXXXXXXXXXXXXXXXXXXXXXXXXXXXXXXXXXXXXXXXXX
; XXXXXXXXXXXXXXXXXXXXXXXXXXXXXXXXXXXXXXXXXXXXXXXXXXXXXXXXXXXX
; XXXXXXXXXXXXXXXXXXXXXXXXXXXXXXXXXXXXXXXXXXXXXXXXXXXXXXXXXXXX
; XXXXXXXXXXXXXXXXXXXXXXXXXXXXXXXXXXXXXXXXXXXXXXXXXXXXXXXXXXXX
; XXXXXXXXXXXXXXXXXXXXXXXXXXXXXXXXXXXXXXXXXXXXXXXXXXXXXXXXXXXX
; XXXXXXXXXXXXXXXXXXXXXXXXXXXXXXXXXXXXXXXXXXXXXXXXXXXXXXXXXXXX
; XXXXXXXXXXXXXXXXXXXXXXXXXXXXXXXXXXXXXXXXXXXXXXXXXXXXXXXXXXXX
; XXXXXXXXXXXXXXXXXXXXXXXXXXXXXXXXXXXXXXXXXXXXXXXXXXXXXXXXXXXX
; XXXXXXXXXXXXXXXXXXXXXXXXXXXXXXXXXXXXXXXXXXXXXXXXXXXXXXXXXXXX
; XXXXXXXXXXXXXXXXXXXXXXXXXXXXXXXXXXXXXXXXXXXXXXXXXXXXXXXXXXXX
; XXXXXXXXXXXXXXXXXXXXXXXXXXXXXXXXXXXXXXXXXXXXXXXXXXXXXXXXXXXX
; XXXXXXXXXXXXXXXXXXXXXXXXXXXXXXXXXXXXXXXXXXXXXXXXXXXXXXXXXXXX
; XXXXXXXXXXXXXXXXXXXXXXXXXXXXXXXXXXXXXXXXXXXXXXXXXXXXXXXXXXXX
; XXXXXXXXXXXXXXXXXXXXXXXXXXXXXXXXXXXXXXXXXXXXXXXXXXXXXXXXXXXX
; XXXXXXXXXXXXXXXXXXXXXXXXXXXXXXXXXXXXXXXXXXXXXXXXXXXXXXXXXXXX
